// Jest Snapshot v1, https://goo.gl/fbAQLP

exports[`Setup Environment should match the snapshot on file (styles) 1`] = `
.c0 {
  display: -webkit-box;
  display: -webkit-flex;
  display: -ms-flexbox;
  display: flex;
  -webkit-box-pack: center;
  -webkit-justify-content: center;
  -ms-flex-pack: center;
  justify-content: center;
  -webkit-align-items: left;
  -webkit-box-align: left;
  -ms-flex-align: left;
  align-items: left;
  -webkit-flex-direction: row;
  -ms-flex-direction: row;
  flex-direction: row;
  background: #FFFFFF;
  margin-bottom: 5px;
  padding: 5px;
  color: blue;
  min-width: 220px;
}

.c0 div:hover {
  color: red;
  cursor: pointer;
}

.c1 {
  display: -webkit-box;
  display: -webkit-flex;
  display: -ms-flexbox;
  display: flex;
  -webkit-box-pack: center;
  -webkit-justify-content: center;
  -ms-flex-pack: center;
  justify-content: center;
  -webkit-align-items: left;
  -webkit-box-align: left;
  -ms-flex-align: left;
  align-items: left;
  -webkit-flex-direction: column;
  -ms-flex-direction: column;
  flex-direction: column;
  height: 40px;
  cursor: pointer;
}

<li
  class="c0"
>
  <div
    class="c1"
    data-testid="MenuElement"
  >
    someName
  </div>
</li>
`;
