// Jest Snapshot v1, https://goo.gl/fbAQLP

exports[`Setup Environment when given a valid analytics event message when given a redirect should match the snapshot on file (styles) 1`] = `
.c3 {
  padding-left: 0px;
  margin: 0px;
  min-width: 200px;
  background: #808080;
  padding: 10px;
}

.c4 {
  margin: 0px;
  min-width: 200px;
  padding: 10px;
}

.c6 {
  margin-top: 10px;
}

.c2 {
  display: -webkit-box;
  display: -webkit-flex;
  display: -ms-flexbox;
  display: flex;
  -webkit-align-items: center;
  -webkit-box-align: center;
  -ms-flex-align: center;
  align-items: center;
  -webkit-box-pack: center;
  -webkit-justify-content: center;
  -ms-flex-pack: center;
  justify-content: center;
  width: 50px;
  height: 50px;
  border-radius: 50%;
  background-color: #FF0000;
  color: #FFFFFF;
  text-align: center;
  overflow: hidden;
}

.c5 {
  text-align: center;
}

.c0 {
  margin-top: calc(50px + 26px);
  display: -webkit-box;
  display: -webkit-flex;
  display: -ms-flexbox;
  display: flex;
  -webkit-flex-direction: column;
  -ms-flex-direction: column;
  flex-direction: column;
  -webkit-align-items: center;
  -webkit-box-align: center;
  -ms-flex-align: center;
  align-items: center;
}

.c0 .nav-tabs {
  height: 28px !important;
  font-size: 0.75em;
}

.c0 a[role="tab"] {
  padding-bottom: 0px;
  padding-top: 4px;
  padding-left: 8px;
  padding-right: 8px;
}

.c1 {
  display: -webkit-box;
  display: -webkit-flex;
  display: -ms-flexbox;
  display: flex;
  -webkit-flex-direction: column;
  -ms-flex-direction: column;
  flex-direction: column;
  -webkit-align-items: center;
  -webkit-box-align: center;
  -ms-flex-align: center;
  align-items: center;
  padding: 10px;
  border-style: solid;
  border-width: 1px;
  border-color: #000000;
}

<div
  class="c0"
>
  <div
    class="c1"
  >
    <div
      class="c2"
    >
      <div>
        MockWarning
      </div>
    </div>
    <h1>
      Error!
    </h1>
    <ul
      class="c3"
    >
      <div
        class="c4 alert alert-danger"
      >
        <div
          class="c5"
        >
          GenericTranslationTestString
        </div>
        <div
          class="c5"
        >
          GenericTranslationTestString
        </div>
      </div>
    </ul>
    <button
      class="c6 btn btn-success"
      data-testid="ErrorConfirmation"
    >
      OK
    </button>
  </div>
</div>
`;

exports[`Setup Environment when given a valid analytics event message when given a redirect to go back should match the snapshot on file (styles) 1`] = `
.c3 {
  padding-left: 0px;
  margin: 0px;
  min-width: 200px;
  background: #808080;
  padding: 10px;
}

.c4 {
  margin: 0px;
  min-width: 200px;
  padding: 10px;
}

.c6 {
  margin-top: 10px;
}

.c2 {
  display: -webkit-box;
  display: -webkit-flex;
  display: -ms-flexbox;
  display: flex;
  -webkit-align-items: center;
  -webkit-box-align: center;
  -ms-flex-align: center;
  align-items: center;
  -webkit-box-pack: center;
  -webkit-justify-content: center;
  -ms-flex-pack: center;
  justify-content: center;
  width: 50px;
  height: 50px;
  border-radius: 50%;
  background-color: #FF0000;
  color: #FFFFFF;
  text-align: center;
  overflow: hidden;
}

.c5 {
  text-align: center;
}

.c0 {
  margin-top: calc(50px + 26px);
  display: -webkit-box;
  display: -webkit-flex;
  display: -ms-flexbox;
  display: flex;
  -webkit-flex-direction: column;
  -ms-flex-direction: column;
  flex-direction: column;
  -webkit-align-items: center;
  -webkit-box-align: center;
  -ms-flex-align: center;
  align-items: center;
}

.c0 .nav-tabs {
  height: 28px !important;
  font-size: 0.75em;
}

.c0 a[role="tab"] {
  padding-bottom: 0px;
  padding-top: 4px;
  padding-left: 8px;
  padding-right: 8px;
}

.c1 {
  display: -webkit-box;
  display: -webkit-flex;
  display: -ms-flexbox;
  display: flex;
  -webkit-flex-direction: column;
  -ms-flex-direction: column;
  flex-direction: column;
  -webkit-align-items: center;
  -webkit-box-align: center;
  -ms-flex-align: center;
  align-items: center;
  padding: 10px;
  border-style: solid;
  border-width: 1px;
  border-color: #000000;
}

<div
  class="c0"
>
  <div
    class="c1"
  >
    <div
      class="c2"
    >
      <div>
        MockWarning
      </div>
    </div>
    <h1>
      Error!
    </h1>
    <ul
      class="c3"
    >
      <div
        class="c4 alert alert-danger"
      >
        <div
          class="c5"
        >
          GenericTranslationTestString
        </div>
        <div
          class="c5"
        >
          GenericTranslationTestString
        </div>
      </div>
    </ul>
    <button
      class="c6 btn btn-success"
      data-testid="ErrorConfirmation"
    >
      OK
    </button>
  </div>
</div>
`;

exports[`Setup Environment when given a valid analytics event message when given a route with no redirect should match the snapshot on file (styles) 1`] = `
.c3 {
  padding-left: 0px;
  margin: 0px;
  min-width: 200px;
  background: #808080;
  padding: 10px;
}

.c4 {
  margin: 0px;
  min-width: 200px;
  padding: 10px;
}

.c6 {
  margin-top: 10px;
}

.c2 {
  display: -webkit-box;
  display: -webkit-flex;
  display: -ms-flexbox;
  display: flex;
  -webkit-align-items: center;
  -webkit-box-align: center;
  -ms-flex-align: center;
  align-items: center;
  -webkit-box-pack: center;
  -webkit-justify-content: center;
  -ms-flex-pack: center;
  justify-content: center;
  width: 50px;
  height: 50px;
  border-radius: 50%;
  background-color: #FF0000;
  color: #FFFFFF;
  text-align: center;
  overflow: hidden;
}

.c5 {
  text-align: center;
}

.c0 {
  margin-top: calc(50px + 26px);
  display: -webkit-box;
  display: -webkit-flex;
  display: -ms-flexbox;
  display: flex;
  -webkit-flex-direction: column;
  -ms-flex-direction: column;
  flex-direction: column;
  -webkit-align-items: center;
  -webkit-box-align: center;
  -ms-flex-align: center;
  align-items: center;
}

.c0 .nav-tabs {
  height: 28px !important;
  font-size: 0.75em;
}

.c0 a[role="tab"] {
  padding-bottom: 0px;
  padding-top: 4px;
  padding-left: 8px;
  padding-right: 8px;
}

.c1 {
  display: -webkit-box;
  display: -webkit-flex;
  display: -ms-flexbox;
  display: flex;
  -webkit-flex-direction: column;
  -ms-flex-direction: column;
  flex-direction: column;
  -webkit-align-items: center;
  -webkit-box-align: center;
  -ms-flex-align: center;
  align-items: center;
  padding: 10px;
  border-style: solid;
  border-width: 1px;
  border-color: #000000;
}

<div
  class="c0"
>
  <div
    class="c1"
  >
    <div
      class="c2"
    >
      <div>
        MockWarning
      </div>
    </div>
    <h1>
      Error!
    </h1>
    <ul
      class="c3"
    >
      <div
        class="c4 alert alert-danger"
      >
        <div
          class="c5"
        >
          GenericTranslationTestString
        </div>
        <div
          class="c5"
        >
          GenericTranslationTestString
        </div>
      </div>
    </ul>
    <button
      class="c6 btn btn-success"
      data-testid="ErrorConfirmation"
    >
      OK
    </button>
  </div>
</div>
`;

exports[`Setup Environment when given an invalid analytics event message when given any redirect type should match the snapshot on file (styles) 1`] = `
.c3 {
  padding-left: 0px;
  margin: 0px;
  min-width: 200px;
  background: #808080;
  padding: 10px;
}

.c4 {
  margin: 0px;
  min-width: 200px;
  padding: 10px;
}

.c6 {
  margin-top: 10px;
}

.c2 {
  display: -webkit-box;
  display: -webkit-flex;
  display: -ms-flexbox;
  display: flex;
  -webkit-align-items: center;
  -webkit-box-align: center;
  -ms-flex-align: center;
  align-items: center;
  -webkit-box-pack: center;
  -webkit-justify-content: center;
  -ms-flex-pack: center;
  justify-content: center;
  width: 50px;
  height: 50px;
  border-radius: 50%;
  background-color: #FF0000;
  color: #FFFFFF;
  text-align: center;
  overflow: hidden;
}

.c5 {
  text-align: center;
}

.c0 {
  margin-top: calc(50px + 26px);
  display: -webkit-box;
  display: -webkit-flex;
  display: -ms-flexbox;
  display: flex;
  -webkit-flex-direction: column;
  -ms-flex-direction: column;
  flex-direction: column;
  -webkit-align-items: center;
  -webkit-box-align: center;
  -ms-flex-align: center;
  align-items: center;
}

.c0 .nav-tabs {
  height: 28px !important;
  font-size: 0.75em;
}

.c0 a[role="tab"] {
  padding-bottom: 0px;
  padding-top: 4px;
  padding-left: 8px;
  padding-right: 8px;
}

.c1 {
  display: -webkit-box;
  display: -webkit-flex;
  display: -ms-flexbox;
  display: flex;
  -webkit-flex-direction: column;
  -ms-flex-direction: column;
  flex-direction: column;
  -webkit-align-items: center;
  -webkit-box-align: center;
  -ms-flex-align: center;
  align-items: center;
  padding: 10px;
  border-style: solid;
  border-width: 1px;
  border-color: #000000;
}

<div
  class="c0"
>
  <div
    class="c1"
  >
    <div
      class="c2"
    >
      <div>
        MockWarning
      </div>
    </div>
    <h1>
      Error!
    </h1>
    <ul
      class="c3"
    >
      <div
        class="c4 alert alert-danger"
      >
        <div
          class="c5"
        >
          GenericTranslationTestString
        </div>
        <div
          class="c5"
        >
          GenericTranslationTestString
        </div>
      </div>
    </ul>
    <button
      class="c6 btn btn-success"
      data-testid="ErrorConfirmation"
    >
      OK
    </button>
  </div>
</div>
`;
